// Jest Snapshot v1, https://goo.gl/fbAQLP

exports[`Quicksearch is not displayed by default 1`] = `<div />`;
