// Jest Snapshot v1, https://goo.gl/fbAQLP

exports[`GenerateDatabasePasswordDialog is displayed when open is true 1`] = `<div />`;

exports[`GenerateDatabasePasswordDialog is not displayed  1`] = `<div />`;
