// Jest Snapshot v1, https://goo.gl/fbAQLP

exports[`GeneratePipelineWebhookUrlDialog is displayed when open is true 1`] = `
<div
  aria-hidden="true"
/>
`;
