// Jest Snapshot v1, https://goo.gl/fbAQLP

exports[`CreateWorkspaceDialog is displayed when open is true 1`] = `<div />`;

exports[`CreateWorkspaceDialog is not displayed  1`] = `<div />`;
