// Jest Snapshot v1, https://goo.gl/fbAQLP

exports[`DeleteWorkspaceMemberDialog is displayed when open is true 1`] = `<div />`;

exports[`DeleteWorkspaceMemberDialog is not displayed  1`] = `<div />`;
