// Jest Snapshot v1, https://goo.gl/fbAQLP

exports[`EditWorkspaceDescriptionDialog is displayed when open is true 1`] = `
<div
  aria-hidden="true"
>
  <div
    style="position: fixed; top: 1px; left: 1px; width: 1px; height: 0px; padding: 0px; margin: -1px; overflow: hidden; clip: rect(0px, 0px, 0px, 0px); white-space: nowrap; border-width: 0px; display: none;"
  />
</div>
`;

exports[`EditWorkspaceDescriptionDialog is not displayed  1`] = `<div />`;
