// Jest Snapshot v1, https://goo.gl/fbAQLP

exports[`VisualizationPicture renders properly 1`] = `
<div>
  <div
    class="flex h-10 w-10 flex-shrink-0 items-center"
  >
    <img
      alt=""
      class="h-10 w-10 rounded-full"
      src="https://www.bluesquarehub.com/wp-content/uploads/2021/07/logosvg-white.svg"
    />
  </div>
</div>
`;
