// Jest Snapshot v1, https://goo.gl/fbAQLP

exports[`PipelineRunFavoriteIcon adds classes when animated 1`] = `
<div>
  <svg
    aria-hidden="true"
    class="h-6 w-6 transition-colors stroke-gray-300 hover:fill-gray-200 hover:fill-yellow-300 hover:stroke-yellow-400"
    data-slot="icon"
    data-testid="favorite-icon"
    fill="none"
    stroke="currentColor"
    stroke-width="1.5"
    viewBox="0 0 24 24"
    xmlns="http://www.w3.org/2000/svg"
  >
    <path
      d="M11.48 3.499a.562.562 0 0 1 1.04 0l2.125 5.111a.563.563 0 0 0 .475.345l5.518.442c.499.04.701.663.321.988l-4.204 3.602a.563.563 0 0 0-.182.557l1.285 5.385a.562.562 0 0 1-.84.61l-4.725-2.885a.562.562 0 0 0-.586 0L6.982 20.54a.562.562 0 0 1-.84-.61l1.285-5.386a.562.562 0 0 0-.182-.557l-4.204-3.602a.562.562 0 0 1 .321-.988l5.518-.442a.563.563 0 0 0 .475-.345L11.48 3.5Z"
      stroke-linecap="round"
      stroke-linejoin="round"
    />
  </svg>
</div>
`;
