// Jest Snapshot v1, https://goo.gl/fbAQLP

exports[`CountryBadge renders 1`] = `
<div>
  <span
    class="inline-flex items-center truncate whitespace-nowrap rounded-md font-medium ring-1 ring-inset px-2 py-0.5 text-xs relative flex items-center gap-1 border ring-gray-300 bg-gray-50 hover-bg-opacity-70"
    title="United Arab Emirates"
  >
    <img
      class="absolute w-4 h-3 shrink rounded-xs"
      src="data:image/svg+xml,%3csvg xmlns='http://www.w3.org/2000/svg' viewBox='0 0 12 6'%3e%3cpath fill='%2300732f' d='M0 0h12v2H0z'/%3e%3cpath fill='%23fff' d='M0 2h12v2H0z'/%3e%3cpath d='M0 4h12v2H0z'/%3e%3cpath fill='red' d='M0 0h3v6H0z'/%3e%3c/svg%3e"
    />
    <span
      class="ml-5 max-w-[20ch] truncate"
    >
      United Arab Emirates
    </span>
  </span>
</div>
`;
