// Jest Snapshot v1, https://goo.gl/fbAQLP

exports[`WorkspaceConnectionPicker display all connections 1`] = `
<div>
  <div
    class="relative"
  >
    <div
      class="form-input flex w-full items-center rounded-md border-gray-300 shadow-sm disabled:border-gray-300 focus-within:outline-none focus:ring-transparent focus-visible:border-blue-500 disabled:cursor-not-allowed  sm:text-sm border-blue-500"
    >
      <div
        class="mr-1 flex flex-1 items-center truncate"
      >
        <input
          aria-activedescendant="headlessui-combobox-option-ee4137b3-3d69-4318-b729-8a2c38c05dd8"
          aria-autocomplete="list"
          aria-controls="headlessui-combobox-options-b608a8f9-e22c-462e-95cb-e9c54e6fa91f"
          aria-expanded="true"
          autocomplete="off"
          class="flex-1 placeholder-gray-600 placeholder-opacity-70 outline-none"
          data-headlessui-state="open"
          data-testid="combobox-input"
          id="headlessui-combobox-input-6b042125-686a-43e0-8a68-23cf5bee102e"
          placeholder="Select connection"
          role="combobox"
          type="text"
        />
      </div>
      <button
        aria-controls="headlessui-combobox-options-b608a8f9-e22c-462e-95cb-e9c54e6fa91f"
        aria-expanded="true"
        aria-haspopup="listbox"
        data-headlessui-state="open"
        data-testid="combobox-button"
        id="headlessui-combobox-button-6f8b5ad0-cfb4-4c17-9e44-20a3470929b1"
        tabindex="-1"
        type="button"
      >
        <div
          class="ml-1 flex items-center gap-0.5 rounded-r-md text-gray-400 focus:outline-none"
        >
          <svg
            class="animate-spin h-5 w-5"
            data-testid="spinner"
            fill="none"
            viewBox="0 0 24 24"
            xmlns="http://www.w3.org/2000/svg"
          >
            <circle
              class="opacity-25"
              cx="12"
              cy="12"
              r="10"
              stroke="currentColor"
              stroke-width="4"
            />
            <path
              class="opacity-75"
              d="M4 12a8 8 0 018-8V0C5.373 0 0 5.373 0 12h4zm2 5.291A7.962 7.962 0 014 12H0c0 3.042 1.135 5.824 3 7.938l3-2.647z"
              fill="currentColor"
            />
          </svg>
        </div>
      </button>
    </div>
    <ul
      aria-labelledby="headlessui-combobox-button-6f8b5ad0-cfb4-4c17-9e44-20a3470929b1"
      class="max-h-60 z-10 w-full rounded-md bg-white py-1 text-base shadow-lg ring-1 ring-black ring-opacity-5 focus:outline-none sm:text-sm flex flex-col"
      data-headlessui-state="open"
      data-popper-escaped="true"
      data-popper-placement="bottom-start"
      data-popper-reference-hidden="true"
      data-testid="combobox-options"
      id="headlessui-combobox-options-b608a8f9-e22c-462e-95cb-e9c54e6fa91f"
      role="listbox"
      style="position: absolute; left: 0px; top: 0px; transform: translate(0px, 4px);"
    >
      <div
        class="overflow-auto flex-1"
        role="none"
      >
        <li
          aria-selected="false"
          class="relative cursor-default select-none px-2 py-2 bg-blue-500 text-white"
          data-headlessui-state="active"
          id="headlessui-combobox-option-ee4137b3-3d69-4318-b729-8a2c38c05dd8"
          role="option"
          tabindex="-1"
        >
          <div
            class="group flex w-full items-center"
          >
            <span
              class="flex items-center pr-4 invisible text-white"
            >
              <svg
                aria-hidden="true"
                class="h-5 w-5"
                data-slot="icon"
                fill="none"
                stroke="currentColor"
                stroke-width="1.5"
                viewBox="0 0 24 24"
                xmlns="http://www.w3.org/2000/svg"
              >
                <path
                  d="m4.5 12.75 6 6 9-13.5"
                  stroke-linecap="round"
                  stroke-linejoin="round"
                />
              </svg>
            </span>
            <span
              class="flex-1 truncate"
            >
              <div
                class="flex items-center"
              >
                <img
                  alt="Connection logo"
                  class="sr-hidden mr-2"
                  height="11"
                  loading="lazy"
                  src="/images/dhis2.svg"
                  width="16"
                />
                dhis2-dev
              </div>
            </span>
          </div>
        </li>
        <li
          aria-selected="false"
          class="relative cursor-default select-none px-2 py-2 text-gray-900"
          data-headlessui-state=""
          id="headlessui-combobox-option-fdd1ab9c-0cb4-44a5-8c7c-f42e8faf8825"
          role="option"
          tabindex="-1"
        >
          <div
            class="group flex w-full items-center"
          >
            <span
              class="flex items-center pr-4 invisible text-gray-900"
            >
              <svg
                aria-hidden="true"
                class="h-5 w-5"
                data-slot="icon"
                fill="none"
                stroke="currentColor"
                stroke-width="1.5"
                viewBox="0 0 24 24"
                xmlns="http://www.w3.org/2000/svg"
              >
                <path
                  d="m4.5 12.75 6 6 9-13.5"
                  stroke-linecap="round"
                  stroke-linejoin="round"
                />
              </svg>
            </span>
            <span
              class="flex-1 truncate"
            >
              <div
                class="flex items-center"
              >
                <img
                  alt="Connection logo"
                  class="sr-hidden mr-2"
                  height="11"
                  loading="lazy"
                  src="/images/dhis2.svg"
                  width="16"
                />
                dhis2-staging
              </div>
            </span>
          </div>
        </li>
        <li
          aria-selected="false"
          class="relative cursor-default select-none px-2 py-2 text-gray-900"
          data-headlessui-state=""
          id="headlessui-combobox-option-2b05dbb3-79f3-434c-8708-3c409d6b88fc"
          role="option"
          tabindex="-1"
        >
          <div
            class="group flex w-full items-center"
          >
            <span
              class="flex items-center pr-4 invisible text-gray-900"
            >
              <svg
                aria-hidden="true"
                class="h-5 w-5"
                data-slot="icon"
                fill="none"
                stroke="currentColor"
                stroke-width="1.5"
                viewBox="0 0 24 24"
                xmlns="http://www.w3.org/2000/svg"
              >
                <path
                  d="m4.5 12.75 6 6 9-13.5"
                  stroke-linecap="round"
                  stroke-linejoin="round"
                />
              </svg>
            </span>
            <span
              class="flex-1 truncate"
            >
              <div
                class="flex items-center"
              >
                <img
                  alt="Connection logo"
                  class="sr-hidden mr-2"
                  height="11"
                  loading="lazy"
                  src="/images/iaso.svg"
                  width="16"
                />
                iaso-dev
              </div>
            </span>
          </div>
        </li>
      </div>
    </ul>
  </div>
</div>
`;
